16:51:27 committed 8ee0113
16:57:29 committed 34fba6e
17:00:30 committed 73c42e5
19:28:44 committed cd7ce9f
19:31:45 committed cdc0f54
19:34:47 committed 037d091
19:46:50 committed a22fa86
19:49:52 committed d649e07
19:52:53 committed fc63bc6
19:55:54 committed 6a20767
20:01:56 committed 9a39c7d
20:04:58 committed 05e2bf9
20:07:59 committed 7621acd
20:11:01 committed 8127727
21:02:11 committed 1013cb7
21:02:11 push: remote: warning: See https://gh.io/lfs for more information.        
21:02:11 push: remote: warning: File goodwill-pulse/data/harmonized.duckdb is 50.51 MB; this is larger than GitHub's recommended maximum file size of 50.00 MB        
21:02:11 push: remote: warning: GH001: Large files detected. You may want to try Git Large File Storage - https://git-lfs.github.com.        
21:05:23 committed 4202595
21:08:24 committed 59340e7
21:32:23 committed b6974b4
21:32:23 push: fatal: unable to access 'https://github.com/inezaodon/sprint_hack_2026.git/': Could not resolve host: github.com
22:17:19 committed 8e90ab8
22:20:21 committed cccd334
22:23:22 committed 385c7ee
